<html>
<body>
<pre>
<h1>µVision Build Log</h1>
<h2>Tool Versions:</h2>
IDE-Version: ¦ÌVision V5.42.0.0
Copyright (C) 2025 ARM Ltd and ARM Germany GmbH. All rights reserved.
License Information: shi enough16@qq.com, no, LIC=Y2B1Q-N1BLF-KUL4L-053D5-NE0BM-ZZH98
 
Tool Versions:
Toolchain:       MDK-ARM Professional  Version: 5.42.0.0
Toolchain Path:  D:\Applications\Keil5\Core\ARM\ARMCLANG\Bin
C Compiler:      ArmClang.exe V6.23
Assembler:       Armasm.exe V6.23
Linker/Locator:  ArmLink.exe V6.23
Library Manager: ArmAr.exe V6.23
Hex Converter:   FromElf.exe V6.23
CPU DLL:         SARMCM3.DLL V5.42.0.0
Dialog DLL:      DCM.DLL V1.17.5.0
Target DLL:      STLink\ST-LINKIII-KEIL_SWO.dll V3.3.0.0
Dialog DLL:      TCM.DLL V1.56.6.0
 
<h2>Project:</h2>
D:\Lab\kongzhi\STM32CubeMx_OTA\STM32F103rb_bootloader\STM32F103rb_bootloader\MDK-ARM\STM32F103rb_bootloader.uvprojx
Project File Date:  03/07/2026

<h2>Output:</h2>
*** Using Compiler 'V6.23', folder: 'D:\Applications\Keil5\Core\ARM\ARMCLANG\Bin'
Build target 'STM32F103rb_bootloader'
compiling leaf_ota.c...
linking...
Program Size: Code=6244 RO-data=500 RW-data=16 ZI-data=2152  
FromELF: creating hex file...
"STM32F103rb_bootloader\STM32F103rb_bootloader.axf" - 0 Error(s), 0 Warning(s).

<h2>Software Packages used:</h2>

Package Vendor: ARM
                https://www.keil.com/pack/ARM.CMSIS.6.1.0.pack
                ARM::CMSIS@6.1.0
                CMSIS (Common Microcontroller Software Interface Standard)
   * Component: CORE Version: 6.1.0

Package Vendor: Keil
                https://www.keil.com/pack/Keil.STM32F1xx_DFP.2.4.1.pack
                Keil::STM32F1xx_DFP@2.4.1
                STMicroelectronics STM32F1 Series Device Support, Drivers and Examples

<h2>Collection of Component include folders:</h2>
  ./RTE/_STM32F103rb_bootloader
  D:/Applications/Keil5/Arm/Packs/ARM/CMSIS/6.1.0/CMSIS/Core/Include
  D:/Applications/Keil5/Arm/Packs/Keil/STM32F1xx_DFP/2.4.1/Device/Include

<h2>Collection of Component Files used:</h2>

   * Component: ARM::CMSIS:CORE@6.1.0
Build Time Elapsed:  00:00:01
</pre>
</body>
</html>
