<html>
<body>
<pre>
<h1>µVision Build Log</h1>
<h2>Tool Versions:</h2>
IDE-Version: ¦ÌVision V5.42.0.0
Copyright (C) 2025 ARM Ltd and ARM Germany GmbH. All rights reserved.
License Information: shi enough16@qq.com, no, LIC=Y2B1Q-N1BLF-KUL4L-053D5-NE0BM-ZZH98
 
Tool Versions:
Toolchain:       MDK-ARM Professional  Version: 5.42.0.0
Toolchain Path:  D:\Applications\Keil5\Core\ARM\ARMCLANG\Bin
C Compiler:      ArmClang.exe V6.23
Assembler:       Armasm.exe V6.23
Linker/Locator:  ArmLink.exe V6.23
Library Manager: ArmAr.exe V6.23
Hex Converter:   FromElf.exe V6.23
CPU DLL:         SARMCM3.DLL V5.42.0.0
Dialog DLL:      DCM.DLL V1.17.5.0
Target DLL:      STLink\ST-LINKIII-KEIL_SWO.dll V3.3.0.0
Dialog DLL:      TCM.DLL V1.56.6.0
 
<h2>Project:</h2>
D:\Lab\kongzhi\otatest\stm32otatest\MDK-ARM\stm32otatest.uvprojx
Project File Date:  03/10/2026

<h2>Output:</h2>
*** Using Compiler 'V6.23', folder: 'D:\Applications\Keil5\Core\ARM\ARMCLANG\Bin'
Rebuild target 'stm32otatest'
compiling stm32f1xx_hal.c...
compiling stm32f1xx_hal_flash_ex.c...
compiling stm32f1xx_hal_flash.c...
compiling stm32f1xx_hal_pwr.c...
compiling system_stm32f1xx.c...
compiling stm32f1xx_hal_gpio.c...
compiling stm32f1xx_it.c...
compiling stm32f1xx_hal_gpio_ex.c...
compiling stm32f1xx_hal_msp.c...
compiling stm32f1xx_hal_rcc.c...
compiling stm32f1xx_hal_rcc_ex.c...
compiling stm32f1xx_hal_dma.c...
compiling main.c...
compiling stm32f1xx_hal_exti.c...
../m_app/ymodem.c(132): warning: non-void function does not return a value in all control paths [-Wreturn-type]
  132 | }
      | ^
1 warning generated.
compiling ymodem.c...
assembling startup_stm32f100xb.s...
compiling stm32f1xx_hal_cortex.c...
compiling stm32f1xx_hal_uart.c...
linking...
Program Size: Code=10408 RO-data=376 RW-data=20 ZI-data=2756  
FromELF: creating hex file...
After Build - User command #1: D:\Applications\Keil5\Core\ARM\ARMCLANG\bin\fromelf.exe --bin --output .\App1\STM32App1.bin stm32otatest\stm32otatest.axf
"stm32otatest\stm32otatest.axf" - 0 Error(s), 1 Warning(s).

<h2>Software Packages used:</h2>

Package Vendor: ARM
                https://www.keil.com/pack/ARM.CMSIS.6.1.0.pack
                ARM::CMSIS@6.1.0
                CMSIS (Common Microcontroller Software Interface Standard)
   * Component: CORE Version: 6.1.0

Package Vendor: Keil
                https://www.keil.com/pack/Keil.STM32F1xx_DFP.2.4.1.pack
                Keil::STM32F1xx_DFP@2.4.1
                STMicroelectronics STM32F1 Series Device Support, Drivers and Examples

<h2>Collection of Component include folders:</h2>
  ./RTE/_stm32otatest
  D:/Applications/Keil5/Arm/Packs/ARM/CMSIS/6.1.0/CMSIS/Core/Include
  D:/Applications/Keil5/Arm/Packs/Keil/STM32F1xx_DFP/2.4.1/Device/Include

<h2>Collection of Component Files used:</h2>

   * Component: ARM::CMSIS:CORE@6.1.0
      Include file:  CMSIS/Core/Include/tz_context.h
Build Time Elapsed:  00:00:01
</pre>
</body>
</html>
